2026-04-28T09:45:27.345435413Z [inf]  Starting Container
2026-04-28T09:45:27.968507052Z [err]  Error: P1001: Can't reach database server at `db.tbjqzezotkeivjxevyxy.supabase.co`:`5432`
2026-04-28T09:45:27.968516932Z [err]  Please make sure your database server is running at `db.tbjqzezotkeivjxevyxy.supabase.co`:`5432`.
2026-04-28T09:45:27.968528402Z [err]  npm notice New major version of npm available! 10.8.2 -> 11.13.0
2026-04-28T09:45:27.968533532Z [err]  npm notice Changelog: https://github.com/npm/cli/releases/tag/v11.13.0
2026-04-28T09:45:27.968539072Z [err]  npm notice To update run: npm install -g npm@11.13.0
2026-04-28T09:45:29.939638719Z [err]  
2026-04-28T09:45:29.939669088Z [inf]  Prisma schema loaded from packages/database/prisma/schema.prisma
2026-04-28T09:45:29.939673308Z [inf]  Datasource "db": PostgreSQL database "postgres", schema "public" at "db.tbjqzezotkeivjxevyxy.supabase.co:5432"
2026-04-28T09:45:29.939676718Z [inf]  
2026-04-28T09:45:29.939680318Z [err]  Error: P1001: Can't reach database server at `db.tbjqzezotkeivjxevyxy.supabase.co`:`5432`
2026-04-28T09:45:31.462628736Z [inf]  Datasource "db": PostgreSQL database "postgres", schema "public" at "db.tbjqzezotkeivjxevyxy.supabase.co:5432"
2026-04-28T09:45:31.510741549Z [inf]  
2026-04-28T09:45:31.510753699Z [err]  Error: P1001: Can't reach database server at `db.tbjqzezotkeivjxevyxy.supabase.co`:`5432`
2026-04-28T09:45:31.510758529Z [err]  
2026-04-28T09:45:31.510762649Z [err]  Please make sure your database server is running at `db.tbjqzezotkeivjxevyxy.supabase.co`:`5432`.
2026-04-28T09:45:33.154627452Z [inf]  Prisma schema loaded from packages/database/prisma/schema.prisma
2026-04-28T09:45:33.159003552Z [inf]  Datasource "db": PostgreSQL database "postgres", schema "public" at "db.tbjqzezotkeivjxevyxy.supabase.co:5432"
2026-04-28T09:45:33.197835014Z [inf]  
2026-04-28T09:45:33.197839844Z [err]  Error: P1001: Can't reach database server at `db.tbjqzezotkeivjxevyxy.supabase.co`:`5432`
2026-04-28T09:45:33.197846834Z [err]  Please make sure your database server is running at `db.tbjqzezotkeivjxevyxy.supabase.co`:`5432`.
2026-04-28T09:45:34.934014334Z [err]  Please make sure your database server is running at `db.tbjqzezotkeivjxevyxy.supabase.co`:`5432`.
2026-04-28T09:45:34.934053803Z [inf]  Prisma schema loaded from packages/database/prisma/schema.prisma
2026-04-28T09:45:34.934058733Z [inf]  Datasource "db": PostgreSQL database "postgres", schema "public" at "db.tbjqzezotkeivjxevyxy.supabase.co:5432"
2026-04-28T09:45:34.934070453Z [err]  Error: P1001: Can't reach database server at `db.tbjqzezotkeivjxevyxy.supabase.co`:`5432`
2026-04-28T09:45:36.941029804Z [inf]  
2026-04-28T09:45:38.238781825Z [err]  
2026-04-28T09:45:38.238846804Z [inf]  
2026-04-28T09:45:39.933312792Z [inf]  Prisma schema loaded from packages/database/prisma/schema.prisma
2026-04-28T09:45:41.919573447Z [inf]  Prisma schema loaded from packages/database/prisma/schema.prisma
2026-04-28T09:45:41.955728232Z [err]  Error: P1001: Can't reach database server at `db.tbjqzezotkeivjxevyxy.supabase.co`:`5432`
2026-04-28T09:45:43.547968516Z [inf]  Prisma schema loaded from packages/database/prisma/schema.prisma
2026-04-28T09:45:43.555031663Z [inf]  Datasource "db": PostgreSQL database "postgres", schema "public" at "db.tbjqzezotkeivjxevyxy.supabase.co:5432"
2026-04-28T09:45:43.593009842Z [inf]  
2026-04-28T09:45:43.593014712Z [err]  Error: P1001: Can't reach database server at `db.tbjqzezotkeivjxevyxy.supabase.co`:`5432`
2026-04-28T09:45:43.593024842Z [err]  Please make sure your database server is running at `db.tbjqzezotkeivjxevyxy.supabase.co`:`5432`.
2026-04-28T09:45:45.239075254Z [inf]  Prisma schema loaded from packages/database/prisma/schema.prisma
2026-04-28T09:45:45.299891339Z [inf]  