
> @lms/frontend@1.0.0 build C:\PROJECT\EDU_PROJECT_LMS\apps\frontend
> next build

  ▲ Next.js 14.2.35

   Creating an optimized production build ...
 ✓ Compiled successfully
   Linting and checking validity of types ...
   Collecting page data ...
   Generating static pages (0/13) ...
   Generating static pages (3/13) 
   Generating static pages (6/13) 
   Generating static pages (9/13) 
 ✓ Generating static pages (13/13)
   Finalizing page optimization ...
   Collecting build traces ...

Route (app)                                                                                                                                      Size     First Load JS
┌ ○ /                                                                                                                                            138 B          87.4 kB
├ ○ /_not-found                                                                                                                                  873 B          88.2 kB
├ ƒ /api/upload                                                                                                                                  0 B                0 B
├ ○ /dashboard                                                                                                                                   7.98 kB         159 kB
├ ○ /dashboard/assignments                                                                                                                       4.28 kB         134 kB
├ ○ /dashboard/classrooms                                                                                                                        5.09 kB         133 kB
├ ƒ /dashboard/classrooms/[id]                                                                                                                   8.29 kB         127 kB
├ ƒ /dashboard/classrooms/[id]/subjects/[subjectId]                                                                                              6.7 kB          126 kB
├ ƒ /dashboard/classrooms/[id]/subjects/[subjectId]/modules/[moduleId]                                                                           7.67 kB         127 kB
├ ƒ /dashboard/classrooms/[id]/subjects/[subjectId]/modules/[moduleId]/lessons/[lessonId]                                                        7.33 kB         126 kB
├ ƒ /dashboard/classrooms/[id]/subjects/[subjectId]/modules/[moduleId]/lessons/[lessonId]/assignments                                            4.47 kB         127 kB
├ ƒ /dashboard/classrooms/[id]/subjects/[subjectId]/modules/[moduleId]/lessons/[lessonId]/assignments/[assignmentId]                             9.84 kB         132 kB
├ ƒ /dashboard/classrooms/[id]/subjects/[subjectId]/modules/[moduleId]/lessons/[lessonId]/assignments/[assignmentId]/submissions/[submissionId]  5.43 kB         128 kB
├ ○ /dashboard/grades                                                                                                                            4.22 kB         133 kB
├ ○ /dashboard/media-test                                                                                                                        9.29 kB         133 kB
├ ○ /dashboard/students                                                                                                                          4.36 kB         123 kB
├ ƒ /dashboard/students/[studentId]                                                                                                              8.64 kB         149 kB
├ ƒ /dashboard/submissions/[id]                                                                                                                  1.09 kB         104 kB
├ ○ /dashboard/submissions/pending                                                                                                               4.46 kB         128 kB
└ ○ /login                                                                                                                                       25.3 kB         127 kB
+ First Load JS shared by all                                                                                                                    87.3 kB
  ├ chunks/1dd3208c-314296cfc1e96e92.js                                                                                                          53.6 kB
  ├ chunks/528-1b0d92dd7283b8ce.js                                                                                                               31.7 kB
  └ other shared chunks (total)                                                                                                                  1.96 kB


ƒ Middleware                                                                                                                                     26.5 kB

○  (Static)   prerendered as static content
ƒ  (Dynamic)  server-rendered on demand

